// Jest Snapshot v1, https://goo.gl/fbAQLP

exports[`SearchFilter Snapshot 1`] = `
<div
  className="SearchFilter"
>
  <span>
    SEARCH BY
  </span>
  <RadioButtonGroup
    checked="TITLE"
    idPrefix="SearchFilter-"
    onUpdate={[Function]}
    options={
      Array [
        "TITLE",
        "GENRE",
      ]
    }
  />
</div>
`;
