// Jest Snapshot v1, https://goo.gl/fbAQLP

exports[`MainPage Snapshot 1`] = `
<MainPage
  activePanel="SearchPanel"
  classes={Object {}}
  onEnter={[Function]}
/>
`;
