// Jest Snapshot v1, https://goo.gl/fbAQLP

exports[`RunningTitle Snapshot 1`] = `
<RunningTitle
  classes={
    Object {
      "runningTitle": "RunningTitle-runningTitle-0-1-1",
    }
  }
  text="netflixroulette"
/>
`;
