// Jest Snapshot v1, https://goo.gl/fbAQLP

exports[`SearchField Snapshot 1`] = `
<SearchField
  classes={
    Object {
      "searchField": "SearchField-searchField-0-1-1",
    }
  }
  handleChange={[Function]}
  onEnter={[Function]}
/>
`;
