// Jest Snapshot v1, https://goo.gl/fbAQLP

exports[`RunningTitle Snapshot 1`] = `
<span
  className="RunningTitle"
>
  netflixroulette
</span>
`;
